// Vitest Snapshot v1, https://vitest.dev/guide/snapshot.html

exports[`golden: days 1–30 > bridge 1`] = `
[
  "1 flee>killed>officials>complaint",
  "2 cape>south>led>fought",
  "3 supporter>party>government>department",
  "4 athlete>team>now>afford",
  "5 revolutionary>war>long>height",
  "6 exact>different>countries>negotiate",
  "7 answer>report>paper>paint",
  "8 regime>era>style>dress",
  "9 trend>change>right>nose",
  "10 artillery>military>carrying>bound",
  "11 aboard>returned>served>chancellor",
  "12 scholar>university>program>broadcast",
  "13 explore>future>best>category",
  "14 scheme>government>following>debut",
  "15 acquisition>company>construction>terminal",
  "16 undated>news>officials>denied",
  "17 artist>work>order>requirement",
  "18 columnist>press>rights>discrimination",
  "19 conventional>use>help>assist",
  "20 celebrity>show>change>status",
  "21 sank>hit>ball>bench",
  "22 republican>political>kind>personality",
  "23 northeastern>state>government>priority",
  "24 lunch>day>two>range",
  "25 interview>time>position>sole",
  "26 chapel>building>mill>grain",
  "27 luck>time>team>bowl",
  "28 declare>government>led>rallied",
  "29 exist>different>choice>mate",
  "30 fever>cause>people>government>presidential",
]
`;

exports[`golden: days 1–30 > decay 1`] = `
[
  "1 whiff 01111 00100 00100 00000 00000",
  "2 avail 00100 00101 01100 00010 00000",
  "3 charm 10100 00010 00101 00100 00000",
  "4 float 01100 00111 00000 00010 00000",
  "5 grate 11011 00000 10001 00000 00000",
  "6 stoop 01100 01110 00100 00000 00000",
  "7 civil 10010 10001 01100 00000 00000",
  "8 focal 10100 00100 00011 00001 00000",
  "9 filet 10001 01010 01010 00000 00000",
  "10 point 01010 10010 10000 00001 00000",
  "11 ivory 01010 10000 00010 00101 00000",
  "12 voice 10101 10001 10000 00000 00000",
  "13 slump 11000 10100 00110 00000 00000",
  "14 shoal 00110 00100 00101 00100 00000",
  "15 emery 11000 10101 00000 00001 00000",
  "16 waste 01011 00010 00001 01000 00000",
  "17 later 10100 00001 10001 10000 00000",
  "18 chose 10100 01000 00110 01000 00000",
  "19 paddy 01100 11100 00001 00000 00000",
  "20 entry 01111 00001 00000 00100 00000",
  "21 clack 10100 01110 00001 00000 00000",
  "22 maxim 11100 01010 10000 00000 00000",
  "23 rayon 01101 01000 00100 01000 00000",
  "24 whoop 11010 10000 10010 00000 00000",
  "25 steed 00011 01001 00010 00010 00000",
  "26 teeny 00010 10101 00011 00000 00000",
  "27 sissy 01110 00000 01100 00001 00000",
  "28 amuse 01001 00001 11100 00000 00000",
  "29 clash 11000 00110 00001 00001 00000",
  "30 proxy 01101 00000 11010 00000 00000",
]
`;

exports[`golden: days 1–30 > reverse 1`] = `
[
  "1 reoil 192 pansy",
  "2 oriel 192 pansy",
  "3 orate 186 slimy",
  "4 oriel 192 pansy",
  "5 oriel 192 pansy",
  "6 oater 186 slimy",
  "7 raise 172 moldy",
  "8 oiler 192 pansy",
  "9 ariel 182 month",
  "10 osier 178 manly",
  "11 oiler 192 pansy",
  "12 serai 172 moldy",
  "13 atone 174 slimy",
  "14 aloes 168 print",
  "15 ariel 182 month",
  "16 uraei 124 colon",
  "17 oater 186 slimy",
  "18 aeons 173 dimly",
  "19 arose 185 lying",
  "20 aeons 173 dimly",
  "21 osier 178 manly",
  "22 oriel 192 pansy",
  "23 ariel 182 month",
  "24 oaten 174 slimy",
  "25 ariel 182 month",
  "26 osier 178 manly",
  "27 alone 183 mirth",
  "28 raise 172 moldy",
  "29 oater 186 slimy",
  "30 orate 186 slimy",
]
`;

exports[`golden: days 1–30 > suspect 1`] = `
[
  "1 token 1BYBYY 3BBBBY 2BBYBB 3BBYGY 2BBBBB",
  "2 spore 2BYGBG 4YBBYY 2BBBBB 1BYYBB 2BBBGB",
  "3 polio 0GBBBB 2GYBYB 4BBBBY 3BBBGB 3BBYGB",
  "4 banjo 3BBYBB 0GBBYB 0YBBBB 3BBBYB 2BYGBB",
  "5 terse 0GYBBG 3BBBGY 3BBYGB 4BBYBG 4BBBYG",
  "6 union 3BBBBB 3BYBBB 2BYYBB 3BBBYB 4BBYBY",
  "7 stunt 3BBBYB 4BBBBB 2BYBBB 3BBBYG 4BBBBG",
  "8 thine 4BBBGB 3BYBGY 0YBBYB 1BGYBY 0GBBBB",
  "9 flare 4BYGBY 2BBGBB 1BGBBB 4BBYYG 0BBBGB",
  "10 privy 3BGBGB 1GBBBB 0YBBBG 2BBYBB 0GBBYB",
  "11 reply 4BYBBB 4YBYBG 2BBGBG 0YBYGB 1BYBYB",
  "12 wight 1BGBBB 4BGBBY 0GBBGB 4BYBBB 2BBGBB",
  "13 grave 0GGGBG 4BBBBG 1BGBBB 4BBYBY 2BBGYB",
  "14 sling 0YBBGB 1BGYBB 1BYYBB 0GBBYB 4BBBBY",
  "15 mucus 0GBBBB 3BBBYB 0BGYBB 2BBYBB 4BBBBG",
  "16 shack 1YGGBB 0YBBBB 3BBYGB 1BGBBB 3BBBYB",
  "17 given 4BBBYG 0YGBBB 1BYBBB 4BBYBG 4BBBBG",
  "18 lynch 4YBBYY 2BBBBB 2BBYYY 1BGBYB 4BBBBG",
  "19 whoop 4BBBBY 3YBBBB 2BBGYB 1BGBBB 0GBGBB",
  "20 fetus 2BBYBY 3BBBGY 0YYYBB 2BBBBY 2GBYBB",
  "21 circa 1GBYBB 0YGBBB 3BBBYB 3BBBYB 4BBBYG",
  "22 decoy 0GBBBY 1BYBGB 4BBBBB 4GBYBG 1BYYBY",
  "23 mouth 3BBBYB 1BYBYY 0BYBYB 0YBBBY 0YBYBB",
  "24 creek 1GYBBY 3BBBGB 1BYBBB 3BBGYB 3BBBBB",
  "25 rapid 4BYYBY 3YYBYB 3BBBYB 1YYBBB 4BBBYB",
  "26 dotty 1BGBBB 2BBGYY 0GBBBG 3GBBYY 3BBYYY",
  "27 queen 1BYBYY 4BBBBG 4BGBBY 2BBBBB 0GBBBB",
  "28 chore 0BYBBG 1BGBYB 1BYBYB 3BBYGB 0YBGGB",
  "29 scale 4YBGBY 2BBBBB 2BBBBB 4BBYGG 3BBBYB",
  "30 poppy 4BBBBY 4GBBYY 2BBGBG 1BYBBB 3BBYGB",
]
`;

exports[`golden: days 1–30 > warmer 1`] = `
[
  "1 liberty freedom,equality,universal",
  "2 brown white,gray,green",
  "3 fallen falling,fell,risen",
  "4 aware concerned,convinced,obviously",
  "5 therapy treatments,treatment,therapies",
  "6 media news,press,television",
  "7 date dates,prior,beginning",
  "8 strange bizarre,weird,odd",
  "9 realize realizing,understand,realized",
  "10 nonprofit advocacy,foundation,organizations",
  "11 fast slow,pace,faster",
  "12 crown queen,throne,king",
  "13 proud glad,grateful,happy",
  "14 ordinary people,citizens,person",
  "15 hole holes,putt,birdie",
  "16 drop rise,drops,dropped",
  "17 doubt doubts,reason,believe",
  "18 pending filing,proceedings,filed",
  "19 remarkable astonishing,impressive,amazing",
  "20 particular example,fact,certain",
  "21 decade decades,ago,months",
  "22 aide adviser,aides,confidant",
  "23 relevant concerning,appropriate,specific",
  "24 navy naval,fleet,ship",
  "25 partial complete,conditional,initial",
  "26 dole gore,kerry,republican",
  "27 clash clashes,encounter,showdown",
  "28 card cards,debit,holders",
  "29 cotton wool,wheat,maize",
  "30 relationship relationships,relations,friendship",
]
`;
